<html>
<body>
<pre>
<h1>µVision Build Log</h1>
<h2>Project:</h2>
C:\Users\faiya\Documents\Code\EE 319K\LEDBlink\Lab3.uvproj
Project File Date:  02/26/2018

<h2>Output:</h2>
Build target 'Lab3'
assembling main.s...
linking...
Program Size: Code=2628 RO-data=240 RW-data=316 ZI-data=1084  
".\Lab3.axf" - 0 Error(s), 0 Warning(s).
pecting opcode or Macro
main.s(365): error: A1163E: Unknown opcode STRb , expecting opcode or Macro
assembling SysTick.s...
".\Lab3.axf" - 3 Error(s), 0 Warning(s).
Target not created
